=== Errores y omisiones – 5/4/2026, 11:21:48 AM ===

[2026-05-04T15:22:03.412Z] [P7|Funcionario 3] fila=1 acta=5040403232010 | FILA INVÁLIDA – campo "P4" es negativo (-57)
[2026-05-04T15:22:07.913Z] [P8|Admin] fila=2 acta=6050103776007 | FILA INVÁLIDA – campo "P4" es negativo (-61)
[2026-05-04T15:22:07.914Z] [P8|Admin] fila=3 acta=6050103776008 | FILA INVÁLIDA – campo "P4" es negativo (-15)
[2026-05-04T15:22:16.231Z] [P8|Admin] fila=8 acta=6050203785004 | FILA INVÁLIDA – campo "P4" es negativo (-25)
[2026-05-04T15:22:16.232Z] [P8|Admin] fila=9 acta=6050203785005 | FILA INVÁLIDA – campo "P4" es negativo (-3)
[2026-05-04T15:22:20.351Z] [P8|Admin] fila=12 acta=6050203785008 | FILA INVÁLIDA – campo "P4" es negativo (-3)
[2026-05-04T15:22:20.351Z] [P8|Admin] fila=13 acta=6050203785009 | FILA INVÁLIDA – campo "P4" es negativo (-68)
[2026-05-04T15:22:22.119Z] [P7|Funcionario 3] fila=5 acta=5040403232014 | FILA INVÁLIDA – campo "P4" es negativo (-64)
[2026-05-04T15:22:35.643Z] [P8|Admin] fila=21 acta=6060103797005 | FILA INVÁLIDA – campo "P4" es negativo (-1)
[2026-05-04T15:22:56.591Z] [P10|Funcionario 2] fila=23 acta=8010104879005 | FILA INVÁLIDA – campo "P4" es negativo (-59)
[2026-05-04T15:23:00.953Z] [P10|Funcionario 2] fila=26 acta=8010104879008 | FILA INVÁLIDA – campo "P4" es negativo (-1)
[2026-05-04T15:23:22.116Z] [P10|Funcionario 2] fila=37 acta=8010104890008 | FILA INVÁLIDA – campo "P4" es negativo (-41)
[2026-05-04T15:23:31.190Z] [P7|Funcionario 3] fila=38 acta=5040503263016 | FILA INVÁLIDA – campo "P4" es negativo (-18)
[2026-05-04T15:23:40.439Z] [P10|Funcionario 2] fila=47 acta=8020104900008 | FILA INVÁLIDA – campo "P4" es negativo (-7)
[2026-05-04T15:23:41.000Z] [P7|Funcionario 3] fila=44 acta=5040503283002 | FILA INVÁLIDA – campo "P4" es negativo (-19)
[2026-05-04T15:23:46.933Z] [P7|Funcionario 3] fila=48 acta=5040503283006 | FILA INVÁLIDA – campo "P4" es negativo (-1)
[2026-05-04T15:23:52.582Z] [P7|Funcionario 3] fila=52 acta=5040503283010 | FILA INVÁLIDA – campo "P4" es negativo (-54)
[2026-05-04T15:24:07.007Z] [P7|Funcionario 3] fila=61 acta=5050203297005 | FILA INVÁLIDA – campo "P4" es negativo (-17)
[2026-05-04T15:24:07.007Z] [P7|Funcionario 3] fila=62 acta=5050203297006 | FILA INVÁLIDA – campo "P4" es negativo (-26)
[2026-05-04T15:24:08.732Z] [P7|Funcionario 3] fila=64 acta=5050203297008 | FILA INVÁLIDA – campo "P4" es negativo (-19)
[2026-05-04T15:24:08.732Z] [P7|Funcionario 3] fila=65 acta=5050203297009 | FILA INVÁLIDA – campo "P4" es negativo (-6)
[2026-05-04T15:24:15.679Z] [P7|Funcionario 3] fila=70 acta=5050203297014 | FILA INVÁLIDA – campo "P4" es negativo (-206)
[2026-05-04T15:24:18.559Z] [P10|Funcionario 2] fila=69 acta=8030104926004 | FILA INVÁLIDA – campo "P4" es negativo (-7)
[2026-05-04T15:24:30.782Z] [P10|Funcionario 2] fila=77 acta=8030204934004 | FILA INVÁLIDA – campo "P4" es negativo (-5)
[2026-05-04T15:24:32.505Z] [P10|Funcionario 2] fila=79 acta=8030204934006 | FILA INVÁLIDA – campo "P4" es negativo (-90)
[2026-05-04T15:24:36.011Z] [P10|Funcionario 2] fila=82 acta=8030204934009 | FILA INVÁLIDA – campo "P4" es negativo (-10)
[2026-05-04T15:24:39.668Z] [P10|Funcionario 2] fila=85 acta=8030204934012 | FILA INVÁLIDA – campo "P4" es negativo (-19)
[2026-05-04T15:24:46.675Z] [P10|Funcionario 2] fila=90 acta=8030204934017 | FILA INVÁLIDA – campo "P4" es negativo (-122)
[2026-05-04T15:24:46.675Z] [P10|Funcionario 2] fila=91 acta=8030204934018 | FILA INVÁLIDA – campo "P4" es negativo (-76)
[2026-05-04T15:24:57.197Z] [P10|Funcionario 2] fila=98 acta=8030204952007 | FILA INVÁLIDA – campo "P4" es negativo (-18)
[2026-05-04T15:25:02.606Z] [P10|Funcionario 2] fila=102 acta=8030204952011 | FILA INVÁLIDA – campo "P4" es negativo (-1)
[2026-05-04T15:25:07.873Z] [P10|Funcionario 2] fila=106 acta=8030204964003 | FILA INVÁLIDA – campo "P4" es negativo (-166)
[2026-05-04T15:25:15.341Z] [P7|Funcionario 3] fila=105 acta=5070203345001 | FILA INVÁLIDA – campo "P4" es negativo (-5)
[2026-05-04T15:25:15.341Z] [P7|Funcionario 3] fila=106 acta=5070203345002 | FILA INVÁLIDA – campo "P4" es negativo (-25)
[2026-05-04T15:25:23.719Z] [P10|Funcionario 2] fila=116 acta=8030204964013 | FILA INVÁLIDA – campo "P4" es negativo (-7)
[2026-05-04T15:25:30.266Z] [P7|Funcionario 3] fila=115 acta=5080103348008 | FILA INVÁLIDA – campo "P4" es negativo (-88)
[2026-05-04T15:25:30.266Z] [P7|Funcionario 3] fila=116 acta=5080103348009 | FILA INVÁLIDA – campo "P4" es negativo (-45)
[2026-05-04T15:25:32.023Z] [P7|Funcionario 3] fila=118 acta=5080103348011 | FILA INVÁLIDA – campo "P4" es negativo (-4)
[2026-05-04T15:25:50.316Z] [P10|Funcionario 2] fila=132 acta=8030304980013 | FILA INVÁLIDA – campo "P4" es negativo (-56)
[2026-05-04T15:25:52.517Z] [P7|Funcionario 3] fila=131 acta=5080203366006 | FILA INVÁLIDA – campo "P4" es negativo (-5)
[2026-05-04T15:25:59.017Z] [P10|Funcionario 2] fila=138 acta=8030404994005 | FILA INVÁLIDA – campo "P4" es negativo (-3)
[2026-05-04T15:26:06.001Z] [P10|Funcionario 2] fila=143 acta=8030404994010 | FILA INVÁLIDA – campo "P4" es negativo (-32)
[2026-05-04T15:26:12.941Z] [P10|Funcionario 2] fila=148 acta=8030404994015 | FILA INVÁLIDA – campo "P4" es negativo (-2)
[2026-05-04T15:26:15.368Z] [P7|Funcionario 3] fila=145 acta=5090103383003 | FILA INVÁLIDA – campo "P4" es negativo (-163)
[2026-05-04T15:26:27.440Z] [P7|Funcionario 3] fila=153 acta=5090103391003 | FILA INVÁLIDA – campo "P4" es negativo (-18)
[2026-05-04T15:26:33.790Z] [P10|Funcionario 2] fila=161 acta=8040105012010 | FILA INVÁLIDA – campo "P4" es negativo (-26)
[2026-05-04T15:26:38.045Z] [P7|Funcionario 3] fila=160 acta=5090203394007 | FILA INVÁLIDA – campo "P4" es negativo (-14)
[2026-05-04T15:26:41.534Z] [P7|Funcionario 3] fila=163 acta=5090203394010 | FILA INVÁLIDA – campo "P4" es negativo (-8)
[2026-05-04T15:26:41.534Z] [P7|Funcionario 3] fila=164 acta=5090203394011 | FILA INVÁLIDA – campo "P4" es negativo (-50)
[2026-05-04T15:26:48.438Z] [P7|Funcionario 3] fila=169 acta=5090203394016 | FILA INVÁLIDA – campo "P4" es negativo (-29)
[2026-05-04T15:26:58.904Z] [P7|Funcionario 3] fila=176 acta=5090203410007 | FILA INVÁLIDA – campo "P4" es negativo (-15)
[2026-05-04T15:27:04.194Z] [P7|Funcionario 3] fila=180 acta=5090203410011 | FILA INVÁLIDA – campo "P4" es negativo (-70)
[2026-05-04T15:27:05.376Z] [P10|Funcionario 2] fila=180 acta=8040205034007 | FILA INVÁLIDA – campo "P4" es negativo (-48)
[2026-05-04T15:27:05.376Z] [P10|Funcionario 2] fila=181 acta=8040205034008 | FILA INVÁLIDA – campo "P4" es negativo (-99)
[2026-05-04T15:27:08.930Z] [P10|Funcionario 2] fila=184 acta=8040205034011 | FILA INVÁLIDA – campo "P4" es negativo (-122)
[2026-05-04T15:27:31.428Z] [P10|Funcionario 2] fila=198 acta=8050105054005 | FILA INVÁLIDA – campo "P4" es negativo (-130)
[2026-05-04T15:27:37.216Z] [P7|Funcionario 3] fila=200 acta=5110103438003 | FILA INVÁLIDA – campo "P4" es negativo (-112)
[2026-05-04T15:27:48.659Z] [P10|Funcionario 2] fila=209 acta=8060105067003 | FILA INVÁLIDA – campo "P4" es negativo (-52)
[2026-05-04T15:27:48.659Z] [P10|Funcionario 2] fila=210 acta=8060105067004 | FILA INVÁLIDA – campo "P4" es negativo (-18)
[2026-05-04T15:27:55.680Z] [P10|Funcionario 2] fila=215 acta=8060105067009 | FILA INVÁLIDA – campo "P4" es negativo (-2)
[2026-05-04T15:28:01.577Z] [P7|Funcionario 3] fila=215 acta=5110103438018 | FILA INVÁLIDA – campo "P4" es negativo (-12)
[2026-05-04T15:28:07.867Z] [P10|Funcionario 2] fila=223 acta=8060205082002 | FILA INVÁLIDA – campo "P4" es negativo (-72)
[2026-05-04T15:28:15.421Z] [P7|Funcionario 3] fila=224 acta=5110203458007 | FILA INVÁLIDA – campo "P4" es negativo (-14)
[2026-05-04T15:28:22.321Z] [P7|Funcionario 3] fila=229 acta=5110203458012 | FILA INVÁLIDA – campo "P4" es negativo (-11)
[2026-05-04T15:28:24.040Z] [P7|Funcionario 3] fila=231 acta=5110203471001 | FILA INVÁLIDA – campo "P4" es negativo (-2)
[2026-05-04T15:28:28.619Z] [P10|Funcionario 2] fila=236 acta=8070105085012 | FILA INVÁLIDA – campo "P4" es negativo (-8)
[2026-05-04T15:28:32.819Z] [P7|Funcionario 3] fila=237 acta=5110303476002 | FILA INVÁLIDA – campo "P4" es negativo (-34)
[2026-05-04T15:29:04.113Z] [P7|Funcionario 3] fila=256 acta=5110303494003 | FILA INVÁLIDA – campo "P4" es negativo (-21)
[2026-05-04T15:29:04.113Z] [P7|Funcionario 3] fila=257 acta=5110303494004 | FILA INVÁLIDA – campo "P4" es negativo (-18)
[2026-05-04T15:29:07.631Z] [P7|Funcionario 3] fila=260 acta=5110303494007 | FILA INVÁLIDA – campo "P4" es negativo (-18)
[2026-05-04T15:29:12.285Z] [P10|Funcionario 2] fila=262 acta=8070305108015 | FILA INVÁLIDA – campo "P4" es negativo (-24)
[2026-05-04T15:29:14.035Z] [P10|Funcionario 2] fila=264 acta=8070305108017 | FILA INVÁLIDA – campo "P4" es negativo (-36)
[2026-05-04T15:29:14.038Z] [P10|Funcionario 2] fila=265 acta=8070305108018 | FILA INVÁLIDA – campo "P4" es negativo (-51)
[2026-05-04T15:29:14.038Z] [P10|Funcionario 2] fila=266 acta=8070305126001 | FILA INVÁLIDA – campo "P4" es negativo (-62)
[2026-05-04T15:29:15.851Z] [P10|Funcionario 2] fila=268 acta=8070305126003 | FILA INVÁLIDA – campo "P4" es negativo (-5)
[2026-05-04T15:29:24.523Z] [P10|Funcionario 2] fila=274 acta=8080105134001 | FILA INVÁLIDA – campo "P4" es negativo (-49)
[2026-05-04T15:29:45.771Z] [P7|Funcionario 3] fila=283 acta=5120203522002 | FILA INVÁLIDA – campo "P4" es negativo (-13)
[2026-05-04T15:29:55.403Z] [P10|Funcionario 2] fila=293 acta=8080105145009 | FILA INVÁLIDA – campo "P4" es negativo (-10)
[2026-05-04T15:29:58.836Z] [P10|Funcionario 2] fila=296 acta=8080305155002 | FILA INVÁLIDA – campo "P4" es negativo (-220)
[2026-05-04T15:29:59.842Z] [P7|Funcionario 3] fila=292 acta=5120203522011 | FILA INVÁLIDA – campo "P4" es negativo (-20)
[2026-05-04T15:29:59.842Z] [P7|Funcionario 3] fila=293 acta=5120203522012 | FILA INVÁLIDA – campo "P4" es negativo (-14)
[2026-05-04T15:30:11.048Z] [P10|Funcionario 2] fila=304 acta=8080305155010 | FILA INVÁLIDA – campo "P4" es negativo (-1)
[2026-05-04T15:30:15.578Z] [P7|Funcionario 3] fila=303 acta=5120303542002 | FILA INVÁLIDA – campo "P4" es negativo (-22)
[2026-05-04T15:30:15.579Z] [P7|Funcionario 3] fila=304 acta=5120303542003 | FILA INVÁLIDA – campo "P4" es negativo (-66)
[2026-05-04T15:30:34.064Z] [P10|Funcionario 2] fila=318 acta=9010105175004 | FILA INVÁLIDA – campo "P4" es negativo (-15)
[2026-05-04T15:30:37.623Z] [P10|Funcionario 2] fila=321 acta=9010105175007 | FILA INVÁLIDA – campo "P4" es negativo (-99)
[2026-05-04T15:30:40.503Z] [P7|Funcionario 3] fila=319 acta=5130103557003 | FILA INVÁLIDA – campo "P4" es negativo (-152)
[2026-05-04T15:30:45.798Z] [P7|Funcionario 3] fila=323 acta=5130103557007 | FILA INVÁLIDA – campo "P4" es negativo (-24)
[2026-05-04T15:30:48.057Z] [P10|Funcionario 2] fila=328 acta=9010105175014 | FILA INVÁLIDA – campo "P4" es negativo (-11)
[2026-05-04T15:30:49.193Z] [P7|Funcionario 3] fila=326 acta=5130103557010 | FILA INVÁLIDA – campo "P4" es negativo (-45)
[2026-05-04T15:30:52.896Z] [P6|Funcionario 2] fila=295 acta=5010102993003 | FILA INVÁLIDA – campo "P4" es negativo (-1)
[2026-05-04T15:30:58.150Z] [P6|Funcionario 2] fila=299 acta=5010102993007 | FILA INVÁLIDA – campo "P4" es negativo (-7)
[2026-05-04T15:30:58.536Z] [P10|Funcionario 2] fila=335 acta=9010205193003 | FILA INVÁLIDA – campo "P4" es negativo (-48)
[2026-05-04T15:31:11.778Z] [P7|Funcionario 3] fila=340 acta=5130203573008 | FILA INVÁLIDA – campo "P4" es negativo (-14)
[2026-05-04T15:31:13.588Z] [P7|Funcionario 3] fila=342 acta=5130203573010 | FILA INVÁLIDA – campo "P4" es negativo (-148)
[2026-05-04T15:31:13.954Z] [P10|Funcionario 2] fila=345 acta=9020105205001 | FILA INVÁLIDA – campo "P4" es negativo (-1)
[2026-05-04T15:31:23.868Z] [P7|Funcionario 3] fila=349 acta=5130203583007 | FILA INVÁLIDA – campo "P4" es negativo (-109)
[2026-05-04T15:31:32.972Z] [P10|Funcionario 2] fila=357 acta=9020205212006 | FILA INVÁLIDA – campo "P4" es negativo (-102)
[2026-05-04T15:31:34.455Z] [P6|Funcionario 2] fila=321 acta=5010203010012 | FILA INVÁLIDA – campo "P4" es negativo (-46)
[2026-05-04T15:31:39.747Z] [P6|Funcionario 2] fila=325 acta=5010203010016 | FILA INVÁLIDA – campo "P4" es negativo (-125)
[2026-05-04T15:31:40.155Z] [P10|Funcionario 2] fila=362 acta=9030105218005 | FILA INVÁLIDA – campo "P4" es negativo (-5)
[2026-05-04T15:31:40.155Z] [P10|Funcionario 2] fila=363 acta=9030105218006 | FILA INVÁLIDA – campo "P4" es negativo (-49)
[2026-05-04T15:31:46.514Z] [P7|Funcionario 3] fila=363 acta=5150103603001 | FILA INVÁLIDA – campo "P4" es negativo (-38)
[2026-05-04T15:31:46.514Z] [P7|Funcionario 3] fila=364 acta=5150103603002 | FILA INVÁLIDA – campo "P4" es negativo (-86)
[2026-05-04T15:31:47.091Z] [P10|Funcionario 2] fila=368 acta=9030105218011 | FILA INVÁLIDA – campo "P4" es negativo (-117)
[2026-05-04T15:31:48.858Z] [P10|Funcionario 2] fila=370 acta=9030105218013 | FILA INVÁLIDA – campo "P4" es negativo (-36)
[2026-05-04T15:31:50.046Z] [P7|Funcionario 3] fila=367 acta=5160103607001 | FILA INVÁLIDA – campo "P4" es negativo (-45)
[2026-05-04T15:31:50.215Z] [P6|Funcionario 2] fila=332 acta=5010203029004 | FILA INVÁLIDA – campo "P4" es negativo (-15)
[2026-05-04T15:31:51.956Z] [P6|Funcionario 2] fila=334 acta=5010203029006 | FILA INVÁLIDA – campo "P4" es negativo (-59)
[2026-05-04T15:31:53.586Z] [P7|Funcionario 3] fila=370 acta=5160103607004 | FILA INVÁLIDA – campo "P4" es negativo (-20)
[2026-05-04T15:31:53.586Z] [P7|Funcionario 3] fila=371 acta=5160103607005 | FILA INVÁLIDA – campo "P4" es negativo (-16)
[2026-05-04T15:31:54.059Z] [P10|Funcionario 2] fila=374 acta=9030305232003 | FILA INVÁLIDA – campo "P4" es negativo (-160)
[2026-05-04T15:32:03.050Z] [P10|Funcionario 2] fila=380 acta=9030305232009 | FILA INVÁLIDA – campo "P4" es negativo (-59)
[2026-05-04T15:32:04.246Z] [P7|Funcionario 3] fila=378 acta=5160103618001 | FILA INVÁLIDA – campo "P4" es negativo (-15)
[2026-05-04T15:32:06.572Z] [P10|Funcionario 2] fila=383 acta=9030305232012 | FILA INVÁLIDA – campo "P4" es negativo (-57)
[2026-05-04T15:32:09.642Z] [P7|Funcionario 3] fila=382 acta=5160103618005 | FILA INVÁLIDA – campo "P4" es negativo (-25)
[2026-05-04T15:32:10.006Z] [P10|Funcionario 2] fila=386 acta=9030305245002 | FILA INVÁLIDA – campo "P4" es negativo (-46)
[2026-05-04T15:32:16.964Z] [P10|Funcionario 2] fila=391 acta=9030305245007 | FILA INVÁLIDA – campo "P4" es negativo (-21)
[2026-05-04T15:32:16.966Z] [P10|Funcionario 2] fila=392 acta=9030305245008 | FILA INVÁLIDA – campo "P4" es negativo (-4)
[2026-05-04T15:32:18.195Z] [P7|Funcionario 3] fila=388 acta=5160103618011 | FILA INVÁLIDA – campo "P4" es negativo (-54)
[2026-05-04T15:32:18.197Z] [P7|Funcionario 3] fila=389 acta=5160103618012 | FILA INVÁLIDA – campo "P4" es negativo (-1)
[2026-05-04T15:32:23.943Z] [P7|Funcionario 3] fila=393 acta=5160103618016 | FILA INVÁLIDA – campo "P4" es negativo (-1)
[2026-05-04T15:32:23.943Z] [P7|Funcionario 3] fila=394 acta=5160103618017 | FILA INVÁLIDA – campo "P4" es negativo (-22)
[2026-05-04T15:32:23.943Z] [P7|Funcionario 3] fila=395 acta=5160103618018 | FILA INVÁLIDA – campo "P4" es negativo (-1)
[2026-05-04T15:32:23.943Z] [P7|Funcionario 3] fila=396 acta=5160103618019 | FILA INVÁLIDA – campo "P4" es negativo (-22)
[2026-05-04T15:32:32.859Z] [P6|Funcionario 2] fila=357 acta=5020103054004 | FILA INVÁLIDA – campo "P4" es negativo (-105)
[2026-05-04T15:32:43.370Z] [P6|Funcionario 2] fila=363 acta=5020103054010 | FILA INVÁLIDA – campo "P4" es negativo (-44)
[2026-05-04T15:32:43.735Z] [P10|Funcionario 2] fila=406 acta=9030305265002 | FILA INVÁLIDA – campo "P4" es negativo (-17)
[2026-05-04T15:32:45.232Z] [P6|Funcionario 2] fila=365 acta=5020103064002 | FILA INVÁLIDA – campo "P4" es negativo (-2)
[2026-05-04T15:32:56.284Z] [P7|Funcionario 3] fila=413 acta=6020103648006 | FILA INVÁLIDA – campo "P4" es negativo (-132)
[2026-05-04T15:32:57.016Z] [P10|Funcionario 2] fila=414 acta=9040105268007 | FILA INVÁLIDA – campo "P4" es negativo (-78)
[2026-05-04T15:33:05.618Z] [P10|Funcionario 2] fila=420 acta=9040105277004 | FILA INVÁLIDA – campo "P4" es negativo (-56)
[2026-05-04T15:33:07.303Z] [P6|Funcionario 2] fila=378 acta=5020103064015 | FILA INVÁLIDA – campo "P4" es negativo (-26)
[2026-05-04T15:33:18.865Z] [P7|Funcionario 3] fila=427 acta=6030103665003 | FILA INVÁLIDA – campo "P4" es negativo (-55)
[2026-05-04T15:33:18.866Z] [P7|Funcionario 3] fila=428 acta=6030103665004 | FILA INVÁLIDA – campo "P4" es negativo (-8)
[2026-05-04T15:33:21.105Z] [P6|Funcionario 2] fila=387 acta=5020203087001 | FILA INVÁLIDA – campo "P4" es negativo (-140)
[2026-05-04T15:33:24.655Z] [P6|Funcionario 2] fila=390 acta=5020203087004 | FILA INVÁLIDA – campo "P4" es negativo (-1)
[2026-05-04T15:33:30.087Z] [P10|Funcionario 2] fila=435 acta=9040205293003 | FILA INVÁLIDA – campo "P4" es negativo (-40)
[2026-05-04T15:33:31.810Z] [P10|Funcionario 2] fila=437 acta=9040205293005 | FILA INVÁLIDA – campo "P4" es negativo (-44)
[2026-05-04T15:33:33.443Z] [P6|Funcionario 2] fila=396 acta=5020203087010 | FILA INVÁLIDA – campo "P4" es negativo (-40)
[2026-05-04T15:33:45.092Z] [P7|Funcionario 3] fila=444 acta=6030103683002 | FILA INVÁLIDA – campo "P4" es negativo (-31)
[2026-05-04T15:33:45.092Z] [P7|Funcionario 3] fila=445 acta=6030103683003 | FILA INVÁLIDA – campo "P4" es negativo (-18)
[2026-05-04T15:33:45.092Z] [P7|Funcionario 3] fila=446 acta=6030103683004 | FILA INVÁLIDA – campo "P4" es negativo (-107)
[2026-05-04T15:33:46.904Z] [P7|Funcionario 3] fila=448 acta=6030103683006 | FILA INVÁLIDA – campo "P4" es negativo (-45)
[2026-05-04T15:33:53.867Z] [P7|Funcionario 3] fila=453 acta=6030103683011 | FILA INVÁLIDA – campo "P4" es negativo (-19)
[2026-05-04T15:33:54.572Z] [P10|Funcionario 2] fila=451 acta=9050105310002 | FILA INVÁLIDA – campo "P4" es negativo (-30)
[2026-05-04T15:34:08.421Z] [P10|Funcionario 2] fila=460 acta=9050105319002 | FILA INVÁLIDA – campo "P4" es negativo (-9)
[2026-05-04T15:34:08.480Z] [P6|Funcionario 2] fila=417 acta=5020403111007 | FILA INVÁLIDA – campo "P4" es negativo (-30)
[2026-05-04T15:34:10.174Z] [P6|Funcionario 2] fila=419 acta=5020403111009 | FILA INVÁLIDA – campo "P4" es negativo (-23)
[2026-05-04T15:34:13.706Z] [P10|Funcionario 2] fila=464 acta=9050205324001 | FILA INVÁLIDA – campo "P4" es negativo (-12)
[2026-05-04T15:34:13.707Z] [P10|Funcionario 2] fila=465 acta=9050205324002 | FILA INVÁLIDA – campo "P4" es negativo (-25)
[2026-05-04T15:34:17.255Z] [P10|Funcionario 2] fila=468 acta=9050205324005 | FILA INVÁLIDA – campo "P4" es negativo (-24)
[2026-05-04T15:34:19.177Z] [P10|Funcionario 2] fila=470 acta=9050205324007 | FILA INVÁLIDA – campo "P4" es negativo (-100)
[2026-05-04T15:34:23.519Z] [P10|Funcionario 2] fila=473 acta=9050205324010 | FILA INVÁLIDA – campo "P4" es negativo (-7)
[2026-05-04T15:34:31.456Z] [P6|Funcionario 2] fila=431 acta=5020403127005 | FILA INVÁLIDA – campo "P4" es negativo (-29)
[2026-05-04T15:34:34.997Z] [P6|Funcionario 2] fila=434 acta=5020403127008 | FILA INVÁLIDA – campo "P4" es negativo (-8)
[2026-05-04T15:34:40.110Z] [P10|Funcionario 2] fila=483 acta=9050305335009 | FILA INVÁLIDA – campo "P4" es negativo (-104)
[2026-05-04T15:34:42.024Z] [P6|Funcionario 2] fila=439 acta=5030103138002 | FILA INVÁLIDA – campo "P4" es negativo (-62)
[2026-05-04T15:34:42.940Z] [P7|Funcionario 3] fila=481 acta=6030203717005 | FILA INVÁLIDA – campo "P4" es negativo (-57)
[2026-05-04T15:34:42.940Z] [P7|Funcionario 3] fila=482 acta=6030203717006 | FILA INVÁLIDA – campo "P4" es negativo (-79)
[2026-05-04T15:34:43.797Z] [P6|Funcionario 2] fila=441 acta=5030103140002 | FILA INVÁLIDA – campo "P4" es negativo (-21)
[2026-05-04T15:34:44.677Z] [P7|Funcionario 3] fila=484 acta=6030203717008 | FILA INVÁLIDA – campo "P4" es negativo (-15)
[2026-05-04T15:34:50.628Z] [P6|Funcionario 2] fila=446 acta=5030103140007 | FILA INVÁLIDA – campo "P4" es negativo (-51)
[2026-05-04T15:34:51.661Z] [P7|Funcionario 3] fila=489 acta=6030203717013 | FILA INVÁLIDA – campo "P4" es negativo (-90)
[2026-05-04T15:34:53.993Z] [P6|Funcionario 2] fila=449 acta=5030103140010 | FILA INVÁLIDA – campo "P4" es negativo (-50)
[2026-05-04T15:34:55.693Z] [P10|Funcionario 2] fila=493 acta=9040110000000 | FILA INVÁLIDA – campo "P4" es negativo (-67)
[2026-05-04T15:34:55.705Z] [P6|Funcionario 2] fila=451 acta=5030103140012 | FILA INVÁLIDA – campo "P4" es negativo (-69)
[2026-05-04T15:35:02.055Z] [P7|Funcionario 3] fila=496 acta=6030203717020 | FILA INVÁLIDA – campo "P4" es negativo (-16)
[2026-05-04T15:35:03.058Z] [P10|Funcionario 2] fila=494 acta=9040110000000 | Código de acta no existe en el sistema
[2026-05-04T15:35:10.685Z] [P10|Funcionario 2] fila=495 acta=9040110000000 | Código de acta no existe en el sistema
[2026-05-04T15:35:11.983Z] [P7|Funcionario 3] fila=503 acta=6030303737007 | FILA INVÁLIDA – campo "P4" es negativo (-4)
[2026-05-04T15:35:19.951Z] [P10|Funcionario 2] fila=497 acta=9040210000000 | Código de acta no existe en el sistema
[2026-05-04T15:35:20.760Z] [P6|Funcionario 2] fila=467 acta=5030103159009 | FILA INVÁLIDA – campo "P4" es negativo (-75)
[2026-05-04T15:35:25.963Z] [P6|Funcionario 2] fila=471 acta=5030303170002 | FILA INVÁLIDA – campo "P4" es negativo (-6)
[2026-05-04T15:35:27.478Z] [P10|Funcionario 2] fila=498 acta=9040210000000 | Código de acta no existe en el sistema
[2026-05-04T15:35:35.095Z] [P10|Funcionario 2] fila=499 acta=9040210000000 | Código de acta no existe en el sistema
[2026-05-04T15:35:37.889Z] [P6|Funcionario 2] fila=479 acta=5030303170010 | FILA INVÁLIDA – campo "P4" es negativo (-11)
[2026-05-04T15:35:42.639Z] [P10|Funcionario 2] fila=500 acta=9040210000000 | Código de acta no existe en el sistema
[2026-05-04T15:35:50.163Z] [P10|Funcionario 2] fila=501 acta=9040210000000 | Código de acta no existe en el sistema
[2026-05-04T15:35:57.689Z] [P10|Funcionario 2] fila=502 acta=9040210000000 | Código de acta no existe en el sistema
[2026-05-04T15:35:58.611Z] [P7|Funcionario 3] fila=532 acta=6030303756017 | FILA INVÁLIDA – campo "P4" es negativo (-23)
[2026-05-04T15:36:05.321Z] [P10|Funcionario 2] fila=503 acta=9040210000000 | Código de acta no existe en el sistema
[2026-05-04T15:36:12.920Z] [P10|Funcionario 2] fila=504 acta=9040210000000 | Código de acta no existe en el sistema
[2026-05-04T15:36:20.523Z] [P10|Funcionario 2] fila=505 acta=9040210000000 | Código de acta no existe en el sistema
[2026-05-04T15:36:22.313Z] [P6|Funcionario 2] fila=507 acta=5040203203005 | FILA INVÁLIDA – campo "P4" es negativo (-105)
[2026-05-04T15:36:28.181Z] [P10|Funcionario 2] fila=506 acta=9040210000000 | Código de acta no existe en el sistema
[2026-05-04T15:36:28.484Z] [P10|Funcionario 2] fila=507 acta=9040210000000 | FILA INVÁLIDA – campo "P4" es negativo (-11)
[2026-05-04T15:36:36.252Z] [P6|Funcionario 2] fila=515 acta=5040303208008 | FILA INVÁLIDA – campo "P4" es negativo (-44)
[2026-05-04T15:36:36.534Z] [P10|Funcionario 2] fila=508 acta=9040210000000 | Código de acta no existe en el sistema
[2026-05-04T15:36:39.449Z] [P6|Funcionario 2] fila=518 acta=5040303208011 | FILA INVÁLIDA – campo "P4" es negativo (-22)
[2026-05-04T15:36:39.450Z] [P6|Funcionario 2] fila=519 acta=5040303208012 | FILA INVÁLIDA – campo "P4" es negativo (-79)
[2026-05-04T15:36:43.994Z] [P10|Funcionario 2] fila=509 acta=9040210000000 | Código de acta no existe en el sistema
[2026-05-04T15:36:51.419Z] [P10|Funcionario 2] fila=510 acta=9040210000000 | Código de acta no existe en el sistema
[2026-05-04T15:36:58.936Z] [P10|Funcionario 2] fila=511 acta=9040210000000 | Código de acta no existe en el sistema
[2026-05-04T15:37:05.534Z] [P6|Funcionario 2] fila=536 acta=5040403232005 | FILA INVÁLIDA – campo "P4" es negativo (-17)
[2026-05-04T15:37:06.874Z] [P10|Funcionario 2] fila=512 acta=9040210000000 | Código de acta no existe en el sistema
[2026-05-04T15:37:09.592Z] [P6|Funcionario 2] fila=539 acta=5040403232008 | FILA INVÁLIDA – campo "P4" es negativo (-5)
[2026-05-04T15:37:16.808Z] [P10|Funcionario 2] fila=514 acta=9050210000000 | Código de acta no existe en el sistema
[2026-05-04T15:37:24.275Z] [P10|Funcionario 2] fila=515 acta=9050210000000 | Código de acta no existe en el sistema
[2026-05-04T15:37:32.108Z] [P10|Funcionario 2] fila=516 acta=9050210000000 | Código de acta no existe en el sistema
[2026-05-04T15:37:39.780Z] [P10|Funcionario 2] fila=517 acta=9050210000000 | Código de acta no existe en el sistema
[2026-05-04T15:37:42.090Z] [P10|Funcionario 2] fila=519 acta=9050310000000 | FILA INVÁLIDA – campo "P4" es negativo (-49)
[2026-05-04T15:37:49.558Z] [P10|Funcionario 2] fila=520 acta=9050310000000 | Código de acta no existe en el sistema
[2026-05-04T15:37:57.242Z] [P10|Funcionario 2] fila=521 acta=9050310000000 | Código de acta no existe en el sistema
[2026-05-04T15:38:05.190Z] [P10|Funcionario 2] fila=522 acta=9050310000000 | Código de acta no existe en el sistema
[2026-05-04T15:38:12.456Z] [P10|Funcionario 2] fila=523 acta=9050310000000 | Código de acta no existe en el sistema
[2026-05-04T15:38:19.701Z] [P10|Funcionario 2] fila=524 acta=9050310000000 | Código de acta no existe en el sistema
[2026-05-04T15:38:26.975Z] [P10|Funcionario 2] fila=525 acta=9050310000000 | Código de acta no existe en el sistema
[2026-05-04T15:38:34.210Z] [P10|Funcionario 2] fila=526 acta=9050310000000 | Código de acta no existe en el sistema
[2026-05-04T15:38:41.463Z] [P10|Funcionario 2] fila=527 acta=9050310000000 | Código de acta no existe en el sistema
[2026-05-04T15:38:41.763Z] [P10|Funcionario 2] fila=528 acta=9050310000000 | FILA INVÁLIDA – campo "P4" es negativo (-37)
[2026-05-04T15:38:48.744Z] [P10|Funcionario 2] fila=529 acta=9050310000000 | Código de acta no existe en el sistema
[2026-05-04T15:38:56.244Z] [P10|Funcionario 2] fila=530 acta=9050310000000 | Código de acta no existe en el sistema
[2026-05-04T15:39:03.485Z] [P10|Funcionario 2] fila=531 acta=9050310000000 | Código de acta no existe en el sistema
[2026-05-04T15:39:03.788Z] [P10|Funcionario 2] fila=532 acta=9050310000000 | FILA INVÁLIDA – campo "P4" es negativo (-71)
[2026-05-04T15:39:10.809Z] [P10|Funcionario 2] fila=533 acta=9050310000000 | Código de acta no existe en el sistema
[2026-05-04T15:39:18.075Z] [P10|Funcionario 2] fila=534 acta=9050310000000 | Código de acta no existe en el sistema
[2026-05-04T15:39:25.346Z] [P10|Funcionario 2] fila=535 acta=9050310000000 | Código de acta no existe en el sistema
[2026-05-04T15:39:32.586Z] [P10|Funcionario 2] fila=536 acta=9050310000000 | Código de acta no existe en el sistema

=== FIN – Exitosas: 5177  Omitidas: 183  Errores: 36 ===
